Finding: **/*.md
Linting: 1 file(s)
Summary: 6 error(s)
