Finding: **/*.md
Linting: 4 file(s)
Summary: 3 error(s)
