Finding: **/*.md
Linting: 1 file(s)
Summary: 5 error(s)
